// Jest Snapshot v1, https://goo.gl/fbAQLP

exports[`DeleteLightbox renders DeleteLightbox 1`] = `
<View
  style={
    Object {
      "alignItems": "center",
      "flex": 1,
      "flexDirection": "column",
      "justifyContent": "center",
    }
  }
>
  <View
    style={
      Object {
        "backgroundColor": "#ffffff",
        "borderRadius": 5,
        "borderWidth": 0.2,
        "flexDirection": "column",
        "marginLeft": 30,
        "marginRight": 30,
        "padding": 30,
      }
    }
  >
    <Text
      accessible={true}
      allowFontScaling={true}
      ellipsizeMode="tail"
      style={
        Object {
          "color": "rgba(74,74,74,1)",
          "fontFamily": "NunitoSans-Regular",
          "fontSize": 20,
          "lineHeight": 27,
          "textAlign": "center",
        }
      }
    >
      Delete this Verification?
    </Text>
    <Text
      accessible={true}
      allowFontScaling={true}
      ellipsizeMode="tail"
      style={
        Object {
          "color": "rgba(74,74,74,1)",
          "fontFamily": "NunitoSans-Light",
          "fontSize": 16,
          "lineHeight": 22,
          "textAlign": "center",
        }
      }
    >
      Are you absolutely sure?
    </Text>
    <View
      style={
        Object {
          "flexDirection": "row",
          "margin": 10,
          "marginTop": 24,
        }
      }
    >
      <View
        style={
          Object {
            "alignItems": "center",
            "borderColor": "rgba(74,74,74,1)",
            "borderRadius": 5,
            "borderWidth": 1,
            "flex": 1,
            "justifyContent": "center",
            "marginRight": 5,
            "padding": 10,
          }
        }
      >
        <View
          accessible={true}
          isTVSelectable={true}
          onResponderGrant={[Function]}
          onResponderMove={[Function]}
          onResponderRelease={[Function]}
          onResponderTerminate={[Function]}
          onResponderTerminationRequest={[Function]}
          onStartShouldSetResponder={[Function]}
          style={null}
        >
          <Text
            accessible={true}
            allowFontScaling={true}
            ellipsizeMode="tail"
            style={
              Object {
                "color": "rgba(74,74,74,1)",
                "fontFamily": "NunitoSans-Regular",
              }
            }
          >
             Cancel
          </Text>
        </View>
      </View>
      <View
        style={
          Object {
            "alignItems": "center",
            "borderColor": "red",
            "borderRadius": 5,
            "borderWidth": 1,
            "flex": 1,
            "justifyContent": "center",
            "marginLeft": 5,
            "padding": 10,
          }
        }
      >
        <View
          accessible={true}
          isTVSelectable={true}
          onResponderGrant={[Function]}
          onResponderMove={[Function]}
          onResponderRelease={[Function]}
          onResponderTerminate={[Function]}
          onResponderTerminationRequest={[Function]}
          onStartShouldSetResponder={[Function]}
          style={null}
        >
          <Text
            accessible={true}
            allowFontScaling={true}
            ellipsizeMode="tail"
            style={
              Object {
                "color": "red",
                "fontFamily": "NunitoSans-Regular",
              }
            }
          >
             Delete
          </Text>
        </View>
      </View>
    </View>
  </View>
</View>
`;
