// Jest Snapshot v1, https://goo.gl/fbAQLP

exports[`CameraAuthLightbox renders correctly 1`] = `
<View
  style={
    Object {
      "backgroundColor": "#ffffff",
      "borderRadius": 5,
      "borderWidth": 0.2,
      "flex": 1,
      "flexDirection": "column",
      "maxHeight": 533.6,
      "maxWidth": 600,
      "padding": 16,
    }
  }
>
  <View
    style={
      Object {
        "alignItems": "center",
        "flex": 6,
        "justifyContent": "space-between",
      }
    }
  >
    <View
      style={
        Object {
          "flex": 2,
        }
      }
    >
      <Text
        accessible={true}
        allowFontScaling={true}
        ellipsizeMode="tail"
      />
    </View>
    <View
      style={
        Object {
          "flex": 2,
        }
      }
    >
      <Text
        accessible={true}
        allowFontScaling={true}
        ellipsizeMode="tail"
        style={Object {}}
      />
    </View>
  </View>
  <View
    style={
      Object {
        "flex": 3,
        "flexDirection": "row",
      }
    }
  >
    <View
      style={
        Object {
          "flex": 4,
          "flexDirection": "row",
          "flexGrow": 4,
        }
      }
    >
      <View
        style={
          Object {
            "flex": 1,
          }
        }
      >
        <View>
          <View
            style={
              Object {
                "alignItems": "center",
                "borderRadius": 5,
                "borderWidth": 0.2,
                "justifyContent": "center",
                "marginRight": 5,
              }
            }
          >
            <View
              accessible={true}
              isTVSelectable={true}
              onResponderGrant={[Function]}
              onResponderMove={[Function]}
              onResponderRelease={[Function]}
              onResponderTerminate={[Function]}
              onResponderTerminationRequest={[Function]}
              onStartShouldSetResponder={[Function]}
              style={
                Object {
                  "opacity": 1,
                  "padding": 8,
                }
              }
            >
              <Text
                accessible={true}
                allowFontScaling={true}
                ellipsizeMode="tail"
              >
                Update
              </Text>
            </View>
          </View>
          <View
            style={
              Array [
                Object {
                  "alignItems": "center",
                  "borderRadius": 5,
                  "borderWidth": 0.2,
                  "justifyContent": "center",
                  "marginRight": 5,
                },
                Object {
                  "marginTop": 10,
                },
              ]
            }
          >
            <View
              accessible={true}
              isTVSelectable={true}
              onResponderGrant={[Function]}
              onResponderMove={[Function]}
              onResponderRelease={[Function]}
              onResponderTerminate={[Function]}
              onResponderTerminationRequest={[Function]}
              onStartShouldSetResponder={[Function]}
              style={
                Object {
                  "opacity": 1,
                  "padding": 8,
                }
              }
            >
              <Text
                accessible={true}
                allowFontScaling={true}
                ellipsizeMode="tail"
              >
                Close
              </Text>
            </View>
          </View>
        </View>
      </View>
    </View>
  </View>
</View>
`;
