// Jest Snapshot v1, https://goo.gl/fbAQLP

exports[`AccountInfo Component renders a connected AccountInfo as expected 1`] = `
ShallowWrapper {
  "length": 1,
  Symbol(enzyme.__root__): [Circular],
  Symbol(enzyme.__unrendered__): <AccountInfo
    address="0x9df0e9759b17f34e9123adbe6d3f25d54b72ad6a"
    balance={0}
    navigator={
      FakeNavigator {
        "event": [Function],
      }
    }
    refreshBalance={[Function]}
    usdBalance={0}
    working={false}
  />,
  Symbol(enzyme.__renderer__): Object {
    "batchedUpdates": [Function],
    "getNode": [Function],
    "render": [Function],
    "simulateEvent": [Function],
    "unmount": [Function],
  },
  Symbol(enzyme.__node__): Object {
    "instance": null,
    "key": undefined,
    "nodeType": "class",
    "props": Object {
      "children": <AccountTile
        balance={0}
        buttonIcon="plus-square"
        tileButton={[Function]}
        usdBalance={0}
      />,
      "contentContainerStyle": Array [
        Object {
          "backgroundColor": "rgba(246,247,248,1)",
          "flex": 0,
        },
        Object {
          "backgroundColor": "#FFFFFF",
          "padding": 30,
        },
      ],
      "refreshControl": <RefreshControlMock
        onRefresh={[Function]}
        refreshing={false}
      />,
      "style": Array [
        Object {
          "borderBottomColor": "rgba(216,216,216,1)",
          "borderBottomWidth": 1,
        },
        Object {
          "flex": 1,
        },
      ],
    },
    "ref": null,
    "rendered": Object {
      "instance": null,
      "key": undefined,
      "nodeType": "function",
      "props": Object {
        "accountProfile": undefined,
        "balance": 0,
        "buttonIcon": "plus-square",
        "network": undefined,
        "tileButton": [Function],
        "usdBalance": 0,
      },
      "ref": null,
      "rendered": null,
      "type": [Function],
    },
    "type": [MockFunction] {
      "calls": Array [
        Array [
          Object {
            "children": <AccountTile
              balance={0}
              buttonIcon="plus-square"
              tileButton={[Function]}
            />,
            "contentContainerStyle": Array [
              Object {
                "backgroundColor": "rgba(246,247,248,1)",
                "flex": 0,
              },
              Object {
                "backgroundColor": "#FFFFFF",
                "padding": 30,
              },
            ],
            "refreshControl": <RefreshControlMock
              onRefresh={[Function]}
              refreshing={false}
            />,
            "style": Array [
              Object {
                "borderBottomColor": "rgba(216,216,216,1)",
                "borderBottomWidth": 1,
              },
              Object {
                "flex": 1,
              },
            ],
          },
          Object {},
        ],
      ],
      "results": Array [
        Object {
          "isThrow": false,
          "value": undefined,
        },
      ],
    },
  },
  Symbol(enzyme.__nodes__): Array [
    Object {
      "instance": null,
      "key": undefined,
      "nodeType": "class",
      "props": Object {
        "children": <AccountTile
          balance={0}
          buttonIcon="plus-square"
          tileButton={[Function]}
          usdBalance={0}
        />,
        "contentContainerStyle": Array [
          Object {
            "backgroundColor": "rgba(246,247,248,1)",
            "flex": 0,
          },
          Object {
            "backgroundColor": "#FFFFFF",
            "padding": 30,
          },
        ],
        "refreshControl": <RefreshControlMock
          onRefresh={[Function]}
          refreshing={false}
        />,
        "style": Array [
          Object {
            "borderBottomColor": "rgba(216,216,216,1)",
            "borderBottomWidth": 1,
          },
          Object {
            "flex": 1,
          },
        ],
      },
      "ref": null,
      "rendered": Object {
        "instance": null,
        "key": undefined,
        "nodeType": "function",
        "props": Object {
          "accountProfile": undefined,
          "balance": 0,
          "buttonIcon": "plus-square",
          "network": undefined,
          "tileButton": [Function],
          "usdBalance": 0,
        },
        "ref": null,
        "rendered": null,
        "type": [Function],
      },
      "type": [MockFunction] {
        "calls": Array [
          Array [
            Object {
              "children": <AccountTile
                balance={0}
                buttonIcon="plus-square"
                tileButton={[Function]}
              />,
              "contentContainerStyle": Array [
                Object {
                  "backgroundColor": "rgba(246,247,248,1)",
                  "flex": 0,
                },
                Object {
                  "backgroundColor": "#FFFFFF",
                  "padding": 30,
                },
              ],
              "refreshControl": <RefreshControlMock
                onRefresh={[Function]}
                refreshing={false}
              />,
              "style": Array [
                Object {
                  "borderBottomColor": "rgba(216,216,216,1)",
                  "borderBottomWidth": 1,
                },
                Object {
                  "flex": 1,
                },
              ],
            },
            Object {},
          ],
        ],
        "results": Array [
          Object {
            "isThrow": false,
            "value": undefined,
          },
        ],
      },
    },
  ],
  Symbol(enzyme.__options__): Object {
    "adapter": ReactSixteenAdapter {
      "options": Object {
        "enableComponentDidUpdateOnSetState": true,
      },
    },
    "context": Object {
      "store": Object {
        "clearActions": [Function],
        "dispatch": [Function],
        "getActions": [Function],
        "getState": [Function],
        "replaceReducer": [Function],
        "subscribe": [Function],
      },
    },
  },
}
`;

exports[`AccountInfo Component renders info correctly 1`] = `
<RCTScrollView
  contentContainerStyle={
    Array [
      Object {
        "backgroundColor": "rgba(246,247,248,1)",
        "flex": 0,
      },
      Object {
        "backgroundColor": "#FFFFFF",
        "padding": 30,
      },
    ]
  }
  refreshControl={
    <RefreshControlMock
      onRefresh={[Function]}
      refreshing={false}
    />
  }
  style={
    Array [
      Object {
        "borderBottomColor": "rgba(216,216,216,1)",
        "borderBottomWidth": 1,
      },
      Object {
        "flex": 1,
      },
    ]
  }
>
  <RCTRefreshControl />
  <View>
    <View
      elevation={10}
      style={
        Object {
          "alignSelf": "stretch",
          "backgroundColor": "white",
          "borderRadius": 16,
          "borderTopWidth": 0,
          "elevation": 10,
          "flexDirection": "column",
          "marginTop": 5,
          "overflow": "visible",
          "paddingBottom": 25,
          "paddingLeft": 30,
          "paddingRight": 30,
          "paddingTop": 25,
          "shadowColor": "rgb(33, 21, 100)",
          "shadowOffset": Object {
            "height": 2,
            "width": 0,
          },
          "shadowOpacity": 0.1,
          "shadowRadius": 16,
          "zIndex": 10,
        }
      }
    >
      <View
        style={
          Object {
            "flexDirection": "row",
          }
        }
      >
        <View>
          <View
            style={
              Array [
                Object {
                  "alignItems": "center",
                  "flex": 0,
                  "justifyContent": "center",
                },
                Object {
                  "backgroundColor": "white",
                  "borderRadius": 3,
                  "height": 70,
                  "width": 70,
                },
              ]
            }
          >
            <Image
              resizeMode="cover"
              source={
                Object {
                  "testUri": "../../../images/eth-symbol2.png",
                }
              }
              style={
                Array [
                  Object {
                    "borderRadius": 3,
                    "height": 70,
                    "width": 70,
                  },
                  Object {
                    "position": "absolute",
                  },
                  Array [
                    Object {
                      "borderRadius": 3,
                      "height": 70,
                      "width": 70,
                    },
                    undefined,
                  ],
                ]
              }
            />
          </View>
        </View>
        <View
          style={
            Object {
              "alignItems": "flex-end",
              "flex": 1,
              "paddingTop": 15,
            }
          }
        >
          <Text
            accessible={true}
            allowFontScaling={true}
            ellipsizeMode="tail"
            style={
              Object {
                "fontSize": 24,
              }
            }
          >
             
            0
             ETH 
          </Text>
          <Text
            accessible={true}
            allowFontScaling={true}
            ellipsizeMode="tail"
          >
             
            $0
             
          </Text>
        </View>
      </View>
      <View
        style={
          Object {
            "alignItems": "center",
            "flex": 0,
            "flexDirection": "row",
            "justifyContent": "space-between",
            "marginTop": 25,
          }
        }
      >
        <View>
          <Text
            accessible={true}
            allowFontScaling={true}
            ellipsizeMode="tail"
            style={
              Object {
                "fontSize": 14,
              }
            }
          >
            Ethereum Account
          </Text>
          <Text
            accessible={true}
            allowFontScaling={true}
            ellipsizeMode="tail"
            style={
              Object {
                "color": "rgba(92,80,202,1)",
                "fontSize": 14,
              }
            }
          >
             
          </Text>
        </View>
        <View
          accessible={true}
          isTVSelectable={true}
          onResponderGrant={[Function]}
          onResponderMove={[Function]}
          onResponderRelease={[Function]}
          onResponderTerminate={[Function]}
          onResponderTerminationRequest={[Function]}
          onStartShouldSetResponder={[Function]}
          style={
            Object {
              "alignItems": "center",
              "borderRadius": 4,
              "borderWidth": 0.5,
              "flexDirection": "row",
              "opacity": 1,
              "padding": 5,
              "shadowColor": "rgb(23, 3, 64)",
              "shadowOffset": Object {
                "height": 4,
                "width": 0,
              },
              "shadowOpacity": 0.2,
              "shadowRadius": 12,
            }
          }
        >
          <Text
            accessible={true}
            allowFontScaling={false}
            ellipsizeMode="tail"
            style={
              Array [
                Object {
                  "color": "rgba(0,0,0,0.7)",
                  "fontSize": 14,
                },
                undefined,
                Object {
                  "fontFamily": "Feather",
                  "fontStyle": "normal",
                  "fontWeight": "normal",
                },
              ]
            }
          >
            
          </Text>
          <Text
            accessible={true}
            allowFontScaling={true}
            ellipsizeMode="tail"
            style={
              Object {
                "fontSize": 14,
                "marginLeft": 8,
              }
            }
          >
             ADD FUNDS 
          </Text>
        </View>
      </View>
    </View>
  </View>
</RCTScrollView>
`;
