// Jest Snapshot v1, https://goo.gl/fbAQLP

exports[`renders Fab 1`] = `
<View
  accessible={true}
  isTVSelectable={true}
  onResponderGrant={[Function]}
  onResponderMove={[Function]}
  onResponderRelease={[Function]}
  onResponderTerminate={[Function]}
  onResponderTerminationRequest={[Function]}
  onStartShouldSetResponder={[Function]}
  style={
    Object {
      "backgroundColor": "rgba(92,80,202,1)",
      "borderRadius": 28,
      "bottom": 24,
      "elevation": 10,
      "height": 56,
      "opacity": 1,
      "padding": 16,
      "position": "absolute",
      "right": 347,
      "shadowColor": "rgb(0,0,0)",
      "shadowOffset": Object {
        "height": 2,
        "width": 1,
      },
      "shadowOpacity": 0.3,
      "width": 56,
    }
  }
>
  <Icon
    color="rgba(216,216,216,1)"
    name="qrcode-scan"
    size={24}
  />
</View>
`;
